Microsoft (R) Macro Assembler Version 6.11		    11/25/16 21:44:11
tempfile.asm						     Page 1 - 1


 0010				student struc 
 0000  0001 [			    xname   db 'null'
        6E 75 6C 6C
       ]
 0004  0001 [			    xclass  db 'null'
        6E 75 6C 6C
       ]
 0008  0001 [			    xnumber db 'null'
        6E 75 6C 6C
       ]
 000C  0001 [			    xgrade  db 'null'
        6E 75 6C 6C
       ]
				student ends
				      
 0000				DATAS SEGMENT
				    ;此处输入数据段代码  
 0000				DATAS ENDS

 0000				STACKS SEGMENT
				    ;此处输入堆栈段代码
 0000				STACKS ENDS

 0000				CODES SEGMENT
				    ASSUME CS:CODES,DS:DATAS,SS:STACKS
 0000				START:
 0000  B8 ---- R		    MOV AX,DATAS
 0003  8E D8			    MOV DS,AX
				    ;此处输入代码段代码
 0005  B4 4C			    MOV AH,4CH
 0007  CD 21			    INT 21H
 0009				CODES ENDS
				    END START

Microsoft (R) Macro Assembler Version 6.11		    11/25/16 21:44:11
tempfile.asm						     Symbols 2 - 1




Structures and Unions:

                N a m e                  Size
                                         Offset      Type

student  . . . . . . . . . . . .	 0010
  xname  . . . . . . . . . . . .	 0000	     Byte
  xclass . . . . . . . . . . . .	 0004	     Byte
  xnumber  . . . . . . . . . . .	 0008	     Byte
  xgrade . . . . . . . . . . . .	 000C	     Byte


Segments and Groups:

                N a m e                 Size     Length   Align   Combine Class

CODES  . . . . . . . . . . . . .	16 Bit	 0009	  Para	  Private 
DATAS  . . . . . . . . . . . . .	16 Bit	 0000	  Para	  Private 
STACKS . . . . . . . . . . . . .	16 Bit	 0000	  Para	  Private 


Symbols:

                N a m e                 Type     Value    Attr

START  . . . . . . . . . . . . .	L Near	 0000	  CODES	

	   0 Warnings
	   0 Errors
